// Vitest Snapshot v1, https://vitest.dev/guide/snapshot.html

exports[`EmployerSearchController button click > calls trackUserAction with data attributes from employer_search html 1`] = `
[
  "ApplicantSelectedEmployerOrPlatformItem",
  {
    "is_default_option": "false",
    "item_id": "test-id",
    "item_name": "test-name",
    "item_type": "csv",
    "locale": "en",
    "provider": "pinwheel",
  },
]
`;

exports[`EmployerSearchController button click > fetches Pinwheel token 1`] = `
[
  "csv",
  "test-id",
  "en",
]
`;
