// Vitest Snapshot v1, https://vitest.dev/guide/snapshot.html

exports[`PinwheelAdapter > open > should call track user action 1`] = `
[
  "ApplicantSelectedEmployerOrPlatformItem",
  {
    "is_default_option": false,
    "item_id": "id",
    "item_name": "name",
    "item_type": "response-type",
    "locale": "en",
  },
]
`;
